Loading saige-v1.1.1 (env dir: /well/lindgren/users/mmq446/conda/skylake/envs/saige-v1.1.1)
R version 4.1.2 (2021-11-01)
Platform: x86_64-conda-linux-gnu (64-bit)
Running under: CentOS Linux 7 (Core)

Matrix products: default
BLAS/LAPACK: /gpfs3/well/lindgren/users/mmq446/conda/skylake/envs/saige-v1.1.1/lib/libopenblasp-r0.3.20.so

locale:
[1] C

attached base packages:
[1] stats     graphics  grDevices utils     datasets  methods   base     

other attached packages:
[1] data.table_1.14.2      optparse_1.7.1         RhpcBLASctl_0.21-247.1
[4] SAIGE_1.1.1           

loaded via a namespace (and not attached):
[1] compiler_4.1.2     Matrix_1.4-1       Rcpp_1.0.7         getopt_1.20.3     
[5] grid_4.1.2         RcppParallel_5.1.5 lattice_0.20-45   
$vcfFile
[1] "data/conditional/common/intervals/min_mac4/ukb_eur_wes_200k_maf0to5e-2_PSOR_combined_primary_care_pLoF_damaging_missense.vcf.bgz"

$vcfFileIndex
[1] "data/conditional/common/intervals/min_mac4/ukb_eur_wes_200k_maf0to5e-2_PSOR_combined_primary_care_pLoF_damaging_missense.vcf.bgz.csi"

$vcfField
[1] "GT"

$savFile
[1] ""

$savFileIndex
[1] ""

$bgenFile
[1] ""

$bgenFileIndex
[1] ""

$sampleFile
[1] ""

$bedFile
[1] ""

$bimFile
[1] ""

$famFile
[1] ""

$AlleleOrder
[1] "alt-first"

$idstoIncludeFile
[1] ""

$rangestoIncludeFile
[1] ""

$chrom
[1] "chr19"

$is_imputed_data
[1] FALSE

$minMAF
[1] 1e-07

$minMAC
[1] 4

$minInfo
[1] 0

$maxMissing
[1] 0.15

$impute_method
[1] "best_guess"

$LOCO
[1] FALSE

$GMMATmodelFile
[1] "data/saige/output/binary/step1/ukb_wes_200k_PSOR_combined_primary_care.rda"

$varianceRatioFile
[1] "data/saige/output/binary/step1/ukb_wes_200k_PSOR_combined_primary_care.varianceRatio.txt"

$SAIGEOutputFile
[1] "data/conditional/common/spa_iter/new_run_tuesday/ukb_eur_wes_200k_maf0to5e-2_PSOR_combined_primary_care_pLoF_damaging_missense_cond_i1_chr19"

$markers_per_chunk
[1] 10000

$groups_per_chunk
[1] 100

$is_output_moreDetails
[1] FALSE

$is_overwrite_output
[1] TRUE

$maxMAF_in_groupTest
[1] "0.0001,0.001,0.01"

$annotation_in_groupTest
[1] "lof,missense;lof,missense;lof;synonymous"

$groupFile
[1] ""

$sparseGRMFile
[1] "data/saige/grm/input/211102_long_ukb_wes_200k_sparse_autosomes_relatednessCutoff_0.125_1000_randomMarkersUsed.sparseGRM.mtx"

$sparseGRMSampleIDFile
[1] "data/saige/grm/input/211102_long_ukb_wes_200k_sparse_autosomes_relatednessCutoff_0.125_1000_randomMarkersUsed.sparseGRM.mtx.sampleIDs.txt"

$relatednessCutoff
[1] 0

$MACCutoff_to_CollapseUltraRare
[1] 10

$cateVarRatioMinMACVecExclude
[1] "10,20.5"

$cateVarRatioMaxMACVecInclude
[1] "20.5"

$weights.beta
[1] "1,25"

$r.corr
[1] 0

$markers_per_chunk_in_groupTest
[1] 100

$condition
[1] ""

$SPAcutoff
[1] 2

$dosage_zerod_cutoff
[1] 0.2

$dosage_zerod_MAC_cutoff
[1] 10

$is_single_in_groupTest
[1] FALSE

$is_no_weight_in_groupTest
[1] FALSE

$is_output_markerList_in_groupTest
[1] FALSE

$is_Firth_beta
[1] FALSE

$pCutoffforFirth
[1] 0.01

$help
[1] FALSE

[1] "opt$r.corr"
[1] 0
dosage_zerod_cutoff  0.2 
Any dosages <=  0.2  for genetic variants with MAC <=  10  are set to be 0 in group tests
single-variant association test will be performed
[1] "Leave-one-chromosome-out is not applied"
[1] "LOCO = FASLE and leave-one-chromosome-out is not applied"
length(sparseGRMSampleID$IndexGRM):  176929 
nrow(sparseGRMSampleID):  176929 
176594  samples have been used to fit the glmm null model
[1] 176594      3
           IID IndexInModel IndexGRM
105253 3989903            1        1
6670   1187038            2        2
71550  3033879            3        3
10700  1299856            4        4
157456 5483168            5        5
46390  2316137            6        6
[1] "Subsetting GRM"
variance Ratio sparse is  1 1 
variance Ratio null is  0.998588 0.9985305 
dosageFile type is  vcf 
Open VCF done
To read the field GT
Number of meta lines in the vcf file (lines starting with ##): 3369
Number of samples in the vcf file: 176594
Setting position of samples in VCF files....
(2022-07-25 15:35:56) ---- Analyzing Chunk 1 :  chrom InitialChunk ---- 
Completed 10000/10000 markers in the chunk.
10000 markers were tested.
write to output
   user  system elapsed 
561.336 123.337 687.773 
isVcfEnd  FALSE 
(2022-07-25 15:47:19) ---- Analyzing Chunk 2 :  chrom InitialChunk ---- 
Completed 10000/10000 markers in the chunk.
10000 markers were tested.
write to output
    user   system  elapsed 
1143.040  263.679 1412.221 
isVcfEnd  FALSE 
(2022-07-25 15:59:23) ---- Analyzing Chunk 3 :  chrom InitialChunk ---- 
Completed 10000/10000 markers in the chunk.
10000 markers were tested.
write to output
    user   system  elapsed 
1724.113  404.343 2136.578 
isVcfEnd  FALSE 
(2022-07-25 16:11:27) ---- Analyzing Chunk 4 :  chrom InitialChunk ---- 
Completed 10000/10000 markers in the chunk.
10000 markers were tested.
write to output
    user   system  elapsed 
2298.570  531.532 2840.923 
isVcfEnd  FALSE 
(2022-07-25 16:23:12) ---- Analyzing Chunk 5 :  chrom InitialChunk ---- 
Completed 10000/10000 markers in the chunk.
10000 markers were tested.
write to output
    user   system  elapsed 
2866.312  649.889 3529.630 
isVcfEnd  FALSE 
(2022-07-25 16:34:40) ---- Analyzing Chunk 6 :  chrom InitialChunk ---- 
Reach the end of the vcf file
1789 markers were tested.
write to output
    user   system  elapsed 
2968.069  671.136 3653.135 
isVcfEnd  TRUE 
[1] "Analysis done! The results have been saved to 'data/conditional/common/spa_iter/new_run_tuesday/ukb_eur_wes_200k_maf0to5e-2_PSOR_combined_primary_care_pLoF_damaging_missense_cond_i1_chr19'."
R version 4.1.2 (2021-11-01)
Platform: x86_64-conda-linux-gnu (64-bit)
Running under: CentOS Linux 7 (Core)

Matrix products: default
BLAS/LAPACK: /gpfs3/well/lindgren/users/mmq446/conda/skylake/envs/saige-v1.1.1/lib/libopenblasp-r0.3.20.so

locale:
[1] C

attached base packages:
[1] stats     graphics  grDevices utils     datasets  methods   base     

other attached packages:
[1] data.table_1.14.2      optparse_1.7.1         RhpcBLASctl_0.21-247.1
[4] SAIGE_1.1.1           

loaded via a namespace (and not attached):
[1] compiler_4.1.2     Matrix_1.4-1       Rcpp_1.0.7         getopt_1.20.3     
[5] grid_4.1.2         RcppParallel_5.1.5 lattice_0.20-45   
$vcfFile
[1] "data/conditional/common/intervals/min_mac4/ukb_eur_wes_200k_maf0to5e-2_PSOR_combined_primary_care_pLoF_damaging_missense.vcf.bgz"

$vcfFileIndex
[1] "data/conditional/common/intervals/min_mac4/ukb_eur_wes_200k_maf0to5e-2_PSOR_combined_primary_care_pLoF_damaging_missense.vcf.bgz.csi"

$vcfField
[1] "GT"

$savFile
[1] ""

$savFileIndex
[1] ""

$bgenFile
[1] ""

$bgenFileIndex
[1] ""

$sampleFile
[1] ""

$bedFile
[1] ""

$bimFile
[1] ""

$famFile
[1] ""

$AlleleOrder
[1] "alt-first"

$idstoIncludeFile
[1] ""

$rangestoIncludeFile
[1] ""

$chrom
[1] "chr6"

$is_imputed_data
[1] FALSE

$minMAF
[1] 1e-07

$minMAC
[1] 4

$minInfo
[1] 0

$maxMissing
[1] 0.15

$impute_method
[1] "best_guess"

$LOCO
[1] FALSE

$GMMATmodelFile
[1] "data/saige/output/binary/step1/ukb_wes_200k_PSOR_combined_primary_care.rda"

$varianceRatioFile
[1] "data/saige/output/binary/step1/ukb_wes_200k_PSOR_combined_primary_care.varianceRatio.txt"

$SAIGEOutputFile
[1] "data/conditional/common/spa_iter/new_run_tuesday/ukb_eur_wes_200k_maf0to5e-2_PSOR_combined_primary_care_pLoF_damaging_missense_cond_i1_chr6"

$markers_per_chunk
[1] 10000

$groups_per_chunk
[1] 100

$is_output_moreDetails
[1] FALSE

$is_overwrite_output
[1] TRUE

$maxMAF_in_groupTest
[1] "0.0001,0.001,0.01"

$annotation_in_groupTest
[1] "lof,missense;lof,missense;lof;synonymous"

$groupFile
[1] ""

$sparseGRMFile
[1] "data/saige/grm/input/211102_long_ukb_wes_200k_sparse_autosomes_relatednessCutoff_0.125_1000_randomMarkersUsed.sparseGRM.mtx"

$sparseGRMSampleIDFile
[1] "data/saige/grm/input/211102_long_ukb_wes_200k_sparse_autosomes_relatednessCutoff_0.125_1000_randomMarkersUsed.sparseGRM.mtx.sampleIDs.txt"

$relatednessCutoff
[1] 0

$MACCutoff_to_CollapseUltraRare
[1] 10

$cateVarRatioMinMACVecExclude
[1] "10,20.5"

$cateVarRatioMaxMACVecInclude
[1] "20.5"

$weights.beta
[1] "1,25"

$r.corr
[1] 0

$markers_per_chunk_in_groupTest
[1] 100

$condition
[1] ""

$SPAcutoff
[1] 2

$dosage_zerod_cutoff
[1] 0.2

$dosage_zerod_MAC_cutoff
[1] 10

$is_single_in_groupTest
[1] FALSE

$is_no_weight_in_groupTest
[1] FALSE

$is_output_markerList_in_groupTest
[1] FALSE

$is_Firth_beta
[1] FALSE

$pCutoffforFirth
[1] 0.01

$help
[1] FALSE

[1] "opt$r.corr"
[1] 0
dosage_zerod_cutoff  0.2 
Any dosages <=  0.2  for genetic variants with MAC <=  10  are set to be 0 in group tests
single-variant association test will be performed
[1] "Leave-one-chromosome-out is not applied"
[1] "LOCO = FASLE and leave-one-chromosome-out is not applied"
length(sparseGRMSampleID$IndexGRM):  176929 
nrow(sparseGRMSampleID):  176929 
176594  samples have been used to fit the glmm null model
[1] 176594      3
           IID IndexInModel IndexGRM
105253 3989903            1        1
6670   1187038            2        2
71550  3033879            3        3
10700  1299856            4        4
157456 5483168            5        5
46390  2316137            6        6
[1] "Subsetting GRM"
variance Ratio sparse is  1 1 
variance Ratio null is  0.998588 0.9985305 
dosageFile type is  vcf 
Open VCF done
To read the field GT
Number of meta lines in the vcf file (lines starting with ##): 3369
Number of samples in the vcf file: 176594
Setting position of samples in VCF files....
(2022-07-25 16:36:49) ---- Analyzing Chunk 1 :  chrom InitialChunk ---- 
Completed 10000/10000 markers in the chunk.
10000 markers were tested.
write to output
   user  system elapsed 
578.129 116.932 697.982 
isVcfEnd  FALSE 
(2022-07-25 16:48:22) ---- Analyzing Chunk 2 :  chrom InitialChunk ---- 
Completed 10000/10000 markers in the chunk.
10000 markers were tested.
write to output
    user   system  elapsed 
1193.671  235.821 1435.100 
isVcfEnd  FALSE 
(2022-07-25 17:00:39) ---- Analyzing Chunk 3 :  chrom InitialChunk ---- 
Completed 10000/10000 markers in the chunk.
10000 markers were tested.
write to output
    user   system  elapsed 
1886.718  355.207 2250.562 
isVcfEnd  FALSE 
(2022-07-25 17:14:15) ---- Analyzing Chunk 4 :  chrom InitialChunk ---- 
Completed 10000/10000 markers in the chunk.
10000 markers were tested.
write to output
    user   system  elapsed 
2596.727  471.889 3080.631 
isVcfEnd  FALSE 
(2022-07-25 17:28:05) ---- Analyzing Chunk 5 :  chrom InitialChunk ---- 
Completed 10000/10000 markers in the chunk.
10000 markers were tested.
write to output
    user   system  elapsed 
3352.395  590.168 3957.487 
isVcfEnd  FALSE 
(2022-07-25 17:42:42) ---- Analyzing Chunk 6 :  chrom InitialChunk ---- 
Completed 10000/10000 markers in the chunk.
10000 markers were tested.
write to output
    user   system  elapsed 
4207.163  709.424 4934.821 
isVcfEnd  FALSE 
(2022-07-25 17:58:59) ---- Analyzing Chunk 7 :  chrom InitialChunk ---- 
Completed 10000/10000 markers in the chunk.
10000 markers were tested.
write to output
    user   system  elapsed 
4831.071  826.986 5680.528 
isVcfEnd  FALSE 
(2022-07-25 18:11:25) ---- Analyzing Chunk 8 :  chrom InitialChunk ---- 
Completed 10000/10000 markers in the chunk.
10000 markers were tested.
write to output
    user   system  elapsed 
5381.146  943.925 6350.247 
isVcfEnd  FALSE 
(2022-07-25 18:22:34) ---- Analyzing Chunk 9 :  chrom InitialChunk ---- 
Reach the end of the vcf file
9123 markers were tested.
write to output
    user   system  elapsed 
5888.712 1050.504 6967.483 
isVcfEnd  TRUE 
[1] "Analysis done! The results have been saved to 'data/conditional/common/spa_iter/new_run_tuesday/ukb_eur_wes_200k_maf0to5e-2_PSOR_combined_primary_care_pLoF_damaging_missense_cond_i1_chr6'."
R version 4.1.2 (2021-11-01)
Platform: x86_64-conda-linux-gnu (64-bit)
Running under: CentOS Linux 7 (Core)

Matrix products: default
BLAS/LAPACK: /gpfs3/well/lindgren/users/mmq446/conda/skylake/envs/saige-v1.1.1/lib/libopenblasp-r0.3.20.so

locale:
[1] C

attached base packages:
[1] stats     graphics  grDevices utils     datasets  methods   base     

other attached packages:
[1] data.table_1.14.2      optparse_1.7.1         RhpcBLASctl_0.21-247.1
[4] SAIGE_1.1.1           

loaded via a namespace (and not attached):
[1] compiler_4.1.2     Matrix_1.4-1       Rcpp_1.0.7         getopt_1.20.3     
[5] grid_4.1.2         RcppParallel_5.1.5 lattice_0.20-45   
$vcfFile
[1] "data/conditional/common/intervals/min_mac4/ukb_eur_wes_200k_maf0to5e-2_PSOR_combined_primary_care_pLoF_damaging_missense.vcf.bgz"

$vcfFileIndex
[1] "data/conditional/common/intervals/min_mac4/ukb_eur_wes_200k_maf0to5e-2_PSOR_combined_primary_care_pLoF_damaging_missense.vcf.bgz.csi"

$vcfField
[1] "GT"

$savFile
[1] ""

$savFileIndex
[1] ""

$bgenFile
[1] ""

$bgenFileIndex
[1] ""

$sampleFile
[1] ""

$bedFile
[1] ""

$bimFile
[1] ""

$famFile
[1] ""

$AlleleOrder
[1] "alt-first"

$idstoIncludeFile
[1] ""

$rangestoIncludeFile
[1] ""

$chrom
[1] "chr19"

$is_imputed_data
[1] FALSE

$minMAF
[1] 1e-07

$minMAC
[1] 4

$minInfo
[1] 0

$maxMissing
[1] 0.15

$impute_method
[1] "best_guess"

$LOCO
[1] FALSE

$GMMATmodelFile
[1] "data/saige/output/binary/step1/ukb_wes_200k_PSOR_combined_primary_care.rda"

$varianceRatioFile
[1] "data/saige/output/binary/step1/ukb_wes_200k_PSOR_combined_primary_care.varianceRatio.txt"

$SAIGEOutputFile
[1] "data/conditional/common/spa_iter/new_run_tuesday/ukb_eur_wes_200k_maf0to5e-2_PSOR_combined_primary_care_pLoF_damaging_missense_cond_i2_chr19"

$markers_per_chunk
[1] 10000

$groups_per_chunk
[1] 100

$is_output_moreDetails
[1] FALSE

$is_overwrite_output
[1] TRUE

$maxMAF_in_groupTest
[1] "0.0001,0.001,0.01"

$annotation_in_groupTest
[1] "lof,missense;lof,missense;lof;synonymous"

$groupFile
[1] ""

$sparseGRMFile
[1] "data/saige/grm/input/211102_long_ukb_wes_200k_sparse_autosomes_relatednessCutoff_0.125_1000_randomMarkersUsed.sparseGRM.mtx"

$sparseGRMSampleIDFile
[1] "data/saige/grm/input/211102_long_ukb_wes_200k_sparse_autosomes_relatednessCutoff_0.125_1000_randomMarkersUsed.sparseGRM.mtx.sampleIDs.txt"

$relatednessCutoff
[1] 0

$MACCutoff_to_CollapseUltraRare
[1] 10

$cateVarRatioMinMACVecExclude
[1] "10,20.5"

$cateVarRatioMaxMACVecInclude
[1] "20.5"

$weights.beta
[1] "1,25"

$r.corr
[1] 0

$markers_per_chunk_in_groupTest
[1] 100

$condition
[1] "chr6:31284147:C:T"

$SPAcutoff
[1] 2

$dosage_zerod_cutoff
[1] 0.2

$dosage_zerod_MAC_cutoff
[1] 10

$is_single_in_groupTest
[1] FALSE

$is_no_weight_in_groupTest
[1] FALSE

$is_output_markerList_in_groupTest
[1] FALSE

$is_Firth_beta
[1] FALSE

$pCutoffforFirth
[1] 0.01

$help
[1] FALSE

[1] "opt$r.corr"
[1] 0
dosage_zerod_cutoff  0.2 
Any dosages <=  0.2  for genetic variants with MAC <=  10  are set to be 0 in group tests
single-variant association test will be performed
[1] "Leave-one-chromosome-out is not applied"
[1] "LOCO = FASLE and leave-one-chromosome-out is not applied"
length(sparseGRMSampleID$IndexGRM):  176929 
nrow(sparseGRMSampleID):  176929 
176594  samples have been used to fit the glmm null model
[1] 176594      3
           IID IndexInModel IndexGRM
105253 3989903            1        1
6670   1187038            2        2
71550  3033879            3        3
10700  1299856            4        4
157456 5483168            5        5
46390  2316137            6        6
[1] "Subsetting GRM"
variance Ratio sparse is  1 1 
variance Ratio null is  0.998588 0.9985305 
dosageFile type is  vcf 
Open VCF done
To read the field GT
Number of meta lines in the vcf file (lines starting with ##): 3369
Number of samples in the vcf file: 176594
Setting position of samples in VCF files....
Conducting conditional analysis. Please specify the conditioning markers in the order as they are store in the genotype/dosage file.
(2022-07-25 18:33:02) ---- Analyzing Chunk 1 :  chrom InitialChunk ---- 
Completed 10000/10000 markers in the chunk.
10000 markers were tested.
write to output
   user  system elapsed 
535.277 117.506 655.042 
isVcfEnd  FALSE 
(2022-07-25 18:43:50) ---- Analyzing Chunk 2 :  chrom InitialChunk ---- 
Completed 10000/10000 markers in the chunk.
10000 markers were tested.
write to output
    user   system  elapsed 
1087.617  233.638 1325.138 
isVcfEnd  FALSE 
(2022-07-25 18:55:00) ---- Analyzing Chunk 3 :  chrom InitialChunk ---- 
Completed 10000/10000 markers in the chunk.
10000 markers were tested.
write to output
    user   system  elapsed 
1628.083  349.898 1983.460 
isVcfEnd  FALSE 
(2022-07-25 19:05:59) ---- Analyzing Chunk 4 :  chrom InitialChunk ---- 
Completed 10000/10000 markers in the chunk.
10000 markers were tested.
write to output
    user   system  elapsed 
2159.646  465.459 2632.148 
isVcfEnd  FALSE 
(2022-07-25 19:16:47) ---- Analyzing Chunk 5 :  chrom InitialChunk ---- 
Completed 10000/10000 markers in the chunk.
10000 markers were tested.
write to output
    user   system  elapsed 
2714.002  581.418 3304.084 
isVcfEnd  FALSE 
(2022-07-25 19:27:59) ---- Analyzing Chunk 6 :  chrom InitialChunk ---- 
Reach the end of the vcf file
1789 markers were tested.
write to output
    user   system  elapsed 
2811.931  602.634 3423.542 
isVcfEnd  TRUE 
[1] "Analysis done! The results have been saved to 'data/conditional/common/spa_iter/new_run_tuesday/ukb_eur_wes_200k_maf0to5e-2_PSOR_combined_primary_care_pLoF_damaging_missense_cond_i2_chr19'."
R version 4.1.2 (2021-11-01)
Platform: x86_64-conda-linux-gnu (64-bit)
Running under: CentOS Linux 7 (Core)

Matrix products: default
BLAS/LAPACK: /gpfs3/well/lindgren/users/mmq446/conda/skylake/envs/saige-v1.1.1/lib/libopenblasp-r0.3.20.so

locale:
[1] C

attached base packages:
[1] stats     graphics  grDevices utils     datasets  methods   base     

other attached packages:
[1] data.table_1.14.2      optparse_1.7.1         RhpcBLASctl_0.21-247.1
[4] SAIGE_1.1.1           

loaded via a namespace (and not attached):
[1] compiler_4.1.2     Matrix_1.4-1       Rcpp_1.0.7         getopt_1.20.3     
[5] grid_4.1.2         RcppParallel_5.1.5 lattice_0.20-45   
$vcfFile
[1] "data/conditional/common/intervals/min_mac4/ukb_eur_wes_200k_maf0to5e-2_PSOR_combined_primary_care_pLoF_damaging_missense.vcf.bgz"

$vcfFileIndex
[1] "data/conditional/common/intervals/min_mac4/ukb_eur_wes_200k_maf0to5e-2_PSOR_combined_primary_care_pLoF_damaging_missense.vcf.bgz.csi"

$vcfField
[1] "GT"

$savFile
[1] ""

$savFileIndex
[1] ""

$bgenFile
[1] ""

$bgenFileIndex
[1] ""

$sampleFile
[1] ""

$bedFile
[1] ""

$bimFile
[1] ""

$famFile
[1] ""

$AlleleOrder
[1] "alt-first"

$idstoIncludeFile
[1] ""

$rangestoIncludeFile
[1] ""

$chrom
[1] "chr6"

$is_imputed_data
[1] FALSE

$minMAF
[1] 1e-07

$minMAC
[1] 4

$minInfo
[1] 0

$maxMissing
[1] 0.15

$impute_method
[1] "best_guess"

$LOCO
[1] FALSE

$GMMATmodelFile
[1] "data/saige/output/binary/step1/ukb_wes_200k_PSOR_combined_primary_care.rda"

$varianceRatioFile
[1] "data/saige/output/binary/step1/ukb_wes_200k_PSOR_combined_primary_care.varianceRatio.txt"

$SAIGEOutputFile
[1] "data/conditional/common/spa_iter/new_run_tuesday/ukb_eur_wes_200k_maf0to5e-2_PSOR_combined_primary_care_pLoF_damaging_missense_cond_i2_chr6"

$markers_per_chunk
[1] 10000

$groups_per_chunk
[1] 100

$is_output_moreDetails
[1] FALSE

$is_overwrite_output
[1] TRUE

$maxMAF_in_groupTest
[1] "0.0001,0.001,0.01"

$annotation_in_groupTest
[1] "lof,missense;lof,missense;lof;synonymous"

$groupFile
[1] ""

$sparseGRMFile
[1] "data/saige/grm/input/211102_long_ukb_wes_200k_sparse_autosomes_relatednessCutoff_0.125_1000_randomMarkersUsed.sparseGRM.mtx"

$sparseGRMSampleIDFile
[1] "data/saige/grm/input/211102_long_ukb_wes_200k_sparse_autosomes_relatednessCutoff_0.125_1000_randomMarkersUsed.sparseGRM.mtx.sampleIDs.txt"

$relatednessCutoff
[1] 0

$MACCutoff_to_CollapseUltraRare
[1] 10

$cateVarRatioMinMACVecExclude
[1] "10,20.5"

$cateVarRatioMaxMACVecInclude
[1] "20.5"

$weights.beta
[1] "1,25"

$r.corr
[1] 0

$markers_per_chunk_in_groupTest
[1] 100

$condition
[1] "chr6:31284147:C:T"

$SPAcutoff
[1] 2

$dosage_zerod_cutoff
[1] 0.2

$dosage_zerod_MAC_cutoff
[1] 10

$is_single_in_groupTest
[1] FALSE

$is_no_weight_in_groupTest
[1] FALSE

$is_output_markerList_in_groupTest
[1] FALSE

$is_Firth_beta
[1] FALSE

$pCutoffforFirth
[1] 0.01

$help
[1] FALSE

[1] "opt$r.corr"
[1] 0
dosage_zerod_cutoff  0.2 
Any dosages <=  0.2  for genetic variants with MAC <=  10  are set to be 0 in group tests
single-variant association test will be performed
[1] "Leave-one-chromosome-out is not applied"
[1] "LOCO = FASLE and leave-one-chromosome-out is not applied"
length(sparseGRMSampleID$IndexGRM):  176929 
nrow(sparseGRMSampleID):  176929 
176594  samples have been used to fit the glmm null model
[1] 176594      3
           IID IndexInModel IndexGRM
105253 3989903            1        1
6670   1187038            2        2
71550  3033879            3        3
10700  1299856            4        4
157456 5483168            5        5
46390  2316137            6        6
[1] "Subsetting GRM"
variance Ratio sparse is  1 1 
variance Ratio null is  0.998588 0.9985305 
dosageFile type is  vcf 
Open VCF done
To read the field GT
Number of meta lines in the vcf file (lines starting with ##): 3369
Number of samples in the vcf file: 176594
Setting position of samples in VCF files....
Conducting conditional analysis. Please specify the conditioning markers in the order as they are store in the genotype/dosage file.
(2022-07-25 19:30:07) ---- Analyzing Chunk 1 :  chrom InitialChunk ---- 
Completed 10000/10000 markers in the chunk.
10000 markers were tested.
write to output
   user  system elapsed 
602.219 121.111 726.023 
isVcfEnd  FALSE 
(2022-07-25 19:42:05) ---- Analyzing Chunk 2 :  chrom InitialChunk ---- 
Completed 10000/10000 markers in the chunk.
10000 markers were tested.
write to output
    user   system  elapsed 
1211.513  238.340 1454.323 
isVcfEnd  FALSE 
(2022-07-25 19:54:14) ---- Analyzing Chunk 3 :  chrom InitialChunk ---- 
Completed 10000/10000 markers in the chunk.
10000 markers were tested.
write to output
    user   system  elapsed 
1936.697  353.318 2296.502 
isVcfEnd  FALSE 
(2022-07-25 20:08:16) ---- Analyzing Chunk 4 :  chrom InitialChunk ---- 
Completed 10000/10000 markers in the chunk.
10000 markers were tested.
write to output
    user   system  elapsed 
2667.990  467.033 3143.527 
isVcfEnd  FALSE 
(2022-07-25 20:22:23) ---- Analyzing Chunk 5 :  chrom InitialChunk ---- 
Completed 10000/10000 markers in the chunk.
10000 markers were tested.
write to output
    user   system  elapsed 
3475.897  581.526 4068.116 
isVcfEnd  FALSE 
(2022-07-25 20:37:47) ---- Analyzing Chunk 6 :  chrom InitialChunk ---- 
Completed 10000/10000 markers in the chunk.
10000 markers were tested.
write to output
    user   system  elapsed 
4371.477  695.309 5079.855 
isVcfEnd  FALSE 
(2022-07-25 20:54:39) ---- Analyzing Chunk 7 :  chrom InitialChunk ---- 
Completed 10000/10000 markers in the chunk.
10000 markers were tested.
write to output
    user   system  elapsed 
4993.684  809.235 5817.723 
isVcfEnd  FALSE 
(2022-07-25 21:06:57) ---- Analyzing Chunk 8 :  chrom InitialChunk ---- 
Completed 10000/10000 markers in the chunk.
10000 markers were tested.
write to output
    user   system  elapsed 
5536.455  923.853 6476.660 
isVcfEnd  FALSE 
(2022-07-25 21:17:56) ---- Analyzing Chunk 9 :  chrom InitialChunk ---- 
Reach the end of the vcf file
9123 markers were tested.
write to output
    user   system  elapsed 
6035.875 1028.383 7082.034 
isVcfEnd  TRUE 
[1] "Analysis done! The results have been saved to 'data/conditional/common/spa_iter/new_run_tuesday/ukb_eur_wes_200k_maf0to5e-2_PSOR_combined_primary_care_pLoF_damaging_missense_cond_i2_chr6'."
R version 4.1.2 (2021-11-01)
Platform: x86_64-conda-linux-gnu (64-bit)
Running under: CentOS Linux 7 (Core)

Matrix products: default
BLAS/LAPACK: /gpfs3/well/lindgren/users/mmq446/conda/skylake/envs/saige-v1.1.1/lib/libopenblasp-r0.3.20.so

locale:
[1] C

attached base packages:
[1] stats     graphics  grDevices utils     datasets  methods   base     

other attached packages:
[1] data.table_1.14.2      optparse_1.7.1         RhpcBLASctl_0.21-247.1
[4] SAIGE_1.1.1           

loaded via a namespace (and not attached):
[1] compiler_4.1.2     Matrix_1.4-1       Rcpp_1.0.7         getopt_1.20.3     
[5] grid_4.1.2         RcppParallel_5.1.5 lattice_0.20-45   
$vcfFile
[1] "data/conditional/common/intervals/min_mac4/ukb_eur_wes_200k_maf0to5e-2_PSOR_combined_primary_care_pLoF_damaging_missense.vcf.bgz"

$vcfFileIndex
[1] "data/conditional/common/intervals/min_mac4/ukb_eur_wes_200k_maf0to5e-2_PSOR_combined_primary_care_pLoF_damaging_missense.vcf.bgz.csi"

$vcfField
[1] "GT"

$savFile
[1] ""

$savFileIndex
[1] ""

$bgenFile
[1] ""

$bgenFileIndex
[1] ""

$sampleFile
[1] ""

$bedFile
[1] ""

$bimFile
[1] ""

$famFile
[1] ""

$AlleleOrder
[1] "alt-first"

$idstoIncludeFile
[1] ""

$rangestoIncludeFile
[1] ""

$chrom
[1] "chr19"

$is_imputed_data
[1] FALSE

$minMAF
[1] 1e-07

$minMAC
[1] 4

$minInfo
[1] 0

$maxMissing
[1] 0.15

$impute_method
[1] "best_guess"

$LOCO
[1] FALSE

$GMMATmodelFile
[1] "data/saige/output/binary/step1/ukb_wes_200k_PSOR_combined_primary_care.rda"

$varianceRatioFile
[1] "data/saige/output/binary/step1/ukb_wes_200k_PSOR_combined_primary_care.varianceRatio.txt"

$SAIGEOutputFile
[1] "data/conditional/common/spa_iter/new_run_tuesday/ukb_eur_wes_200k_maf0to5e-2_PSOR_combined_primary_care_pLoF_damaging_missense_cond_i3_chr19"

$markers_per_chunk
[1] 10000

$groups_per_chunk
[1] 100

$is_output_moreDetails
[1] FALSE

$is_overwrite_output
[1] TRUE

$maxMAF_in_groupTest
[1] "0.0001,0.001,0.01"

$annotation_in_groupTest
[1] "lof,missense;lof,missense;lof;synonymous"

$groupFile
[1] ""

$sparseGRMFile
[1] "data/saige/grm/input/211102_long_ukb_wes_200k_sparse_autosomes_relatednessCutoff_0.125_1000_randomMarkersUsed.sparseGRM.mtx"

$sparseGRMSampleIDFile
[1] "data/saige/grm/input/211102_long_ukb_wes_200k_sparse_autosomes_relatednessCutoff_0.125_1000_randomMarkersUsed.sparseGRM.mtx.sampleIDs.txt"

$relatednessCutoff
[1] 0

$MACCutoff_to_CollapseUltraRare
[1] 10

$cateVarRatioMinMACVecExclude
[1] "10,20.5"

$cateVarRatioMaxMACVecInclude
[1] "20.5"

$weights.beta
[1] "1,25"

$r.corr
[1] 0

$markers_per_chunk_in_groupTest
[1] 100

$condition
[1] "chr6:31284147:C:T,chr6:31395920:C:T"

$SPAcutoff
[1] 2

$dosage_zerod_cutoff
[1] 0.2

$dosage_zerod_MAC_cutoff
[1] 10

$is_single_in_groupTest
[1] FALSE

$is_no_weight_in_groupTest
[1] FALSE

$is_output_markerList_in_groupTest
[1] FALSE

$is_Firth_beta
[1] FALSE

$pCutoffforFirth
[1] 0.01

$help
[1] FALSE

[1] "opt$r.corr"
[1] 0
dosage_zerod_cutoff  0.2 
Any dosages <=  0.2  for genetic variants with MAC <=  10  are set to be 0 in group tests
single-variant association test will be performed
[1] "Leave-one-chromosome-out is not applied"
[1] "LOCO = FASLE and leave-one-chromosome-out is not applied"
length(sparseGRMSampleID$IndexGRM):  176929 
nrow(sparseGRMSampleID):  176929 
176594  samples have been used to fit the glmm null model
[1] 176594      3
           IID IndexInModel IndexGRM
105253 3989903            1        1
6670   1187038            2        2
71550  3033879            3        3
10700  1299856            4        4
157456 5483168            5        5
46390  2316137            6        6
[1] "Subsetting GRM"
variance Ratio sparse is  1 1 
variance Ratio null is  0.998588 0.9985305 
dosageFile type is  vcf 
Open VCF done
To read the field GT
Number of meta lines in the vcf file (lines starting with ##): 3369
Number of samples in the vcf file: 176594
Setting position of samples in VCF files....
Conducting conditional analysis. Please specify the conditioning markers in the order as they are store in the genotype/dosage file.
(2022-07-25 21:28:45) ---- Analyzing Chunk 1 :  chrom InitialChunk ---- 
Completed 10000/10000 markers in the chunk.
10000 markers were tested.
write to output
   user  system elapsed 
560.854 114.669 677.786 
isVcfEnd  FALSE 
(2022-07-25 21:39:24) ---- Analyzing Chunk 2 :  chrom InitialChunk ---- 
Completed 10000/10000 markers in the chunk.
10000 markers were tested.
write to output
    user   system  elapsed 
1109.516  228.847 1342.232 
isVcfEnd  FALSE 
(2022-07-25 21:50:28) ---- Analyzing Chunk 3 :  chrom InitialChunk ---- 
Completed 10000/10000 markers in the chunk.
10000 markers were tested.
write to output
    user   system  elapsed 
1647.345  343.459 1996.236 
isVcfEnd  FALSE 
(2022-07-25 22:01:22) ---- Analyzing Chunk 4 :  chrom InitialChunk ---- 
Completed 10000/10000 markers in the chunk.
10000 markers were tested.
write to output
    user   system  elapsed 
2175.440  457.973 2640.391 
isVcfEnd  FALSE 
(2022-07-25 22:12:06) ---- Analyzing Chunk 5 :  chrom InitialChunk ---- 
Completed 10000/10000 markers in the chunk.
10000 markers were tested.
write to output
    user   system  elapsed 
2721.799  572.839 3303.225 
isVcfEnd  FALSE 
(2022-07-25 22:23:09) ---- Analyzing Chunk 6 :  chrom InitialChunk ---- 
Reach the end of the vcf file
1789 markers were tested.
write to output
    user   system  elapsed 
2816.618  593.226 3418.702 
isVcfEnd  TRUE 
[1] "Analysis done! The results have been saved to 'data/conditional/common/spa_iter/new_run_tuesday/ukb_eur_wes_200k_maf0to5e-2_PSOR_combined_primary_care_pLoF_damaging_missense_cond_i3_chr19'."
R version 4.1.2 (2021-11-01)
Platform: x86_64-conda-linux-gnu (64-bit)
Running under: CentOS Linux 7 (Core)

Matrix products: default
BLAS/LAPACK: /gpfs3/well/lindgren/users/mmq446/conda/skylake/envs/saige-v1.1.1/lib/libopenblasp-r0.3.20.so

locale:
[1] C

attached base packages:
[1] stats     graphics  grDevices utils     datasets  methods   base     

other attached packages:
[1] data.table_1.14.2      optparse_1.7.1         RhpcBLASctl_0.21-247.1
[4] SAIGE_1.1.1           

loaded via a namespace (and not attached):
[1] compiler_4.1.2     Matrix_1.4-1       Rcpp_1.0.7         getopt_1.20.3     
[5] grid_4.1.2         RcppParallel_5.1.5 lattice_0.20-45   
$vcfFile
[1] "data/conditional/common/intervals/min_mac4/ukb_eur_wes_200k_maf0to5e-2_PSOR_combined_primary_care_pLoF_damaging_missense.vcf.bgz"

$vcfFileIndex
[1] "data/conditional/common/intervals/min_mac4/ukb_eur_wes_200k_maf0to5e-2_PSOR_combined_primary_care_pLoF_damaging_missense.vcf.bgz.csi"

$vcfField
[1] "GT"

$savFile
[1] ""

$savFileIndex
[1] ""

$bgenFile
[1] ""

$bgenFileIndex
[1] ""

$sampleFile
[1] ""

$bedFile
[1] ""

$bimFile
[1] ""

$famFile
[1] ""

$AlleleOrder
[1] "alt-first"

$idstoIncludeFile
[1] ""

$rangestoIncludeFile
[1] ""

$chrom
[1] "chr6"

$is_imputed_data
[1] FALSE

$minMAF
[1] 1e-07

$minMAC
[1] 4

$minInfo
[1] 0

$maxMissing
[1] 0.15

$impute_method
[1] "best_guess"

$LOCO
[1] FALSE

$GMMATmodelFile
[1] "data/saige/output/binary/step1/ukb_wes_200k_PSOR_combined_primary_care.rda"

$varianceRatioFile
[1] "data/saige/output/binary/step1/ukb_wes_200k_PSOR_combined_primary_care.varianceRatio.txt"

$SAIGEOutputFile
[1] "data/conditional/common/spa_iter/new_run_tuesday/ukb_eur_wes_200k_maf0to5e-2_PSOR_combined_primary_care_pLoF_damaging_missense_cond_i3_chr6"

$markers_per_chunk
[1] 10000

$groups_per_chunk
[1] 100

$is_output_moreDetails
[1] FALSE

$is_overwrite_output
[1] TRUE

$maxMAF_in_groupTest
[1] "0.0001,0.001,0.01"

$annotation_in_groupTest
[1] "lof,missense;lof,missense;lof;synonymous"

$groupFile
[1] ""

$sparseGRMFile
[1] "data/saige/grm/input/211102_long_ukb_wes_200k_sparse_autosomes_relatednessCutoff_0.125_1000_randomMarkersUsed.sparseGRM.mtx"

$sparseGRMSampleIDFile
[1] "data/saige/grm/input/211102_long_ukb_wes_200k_sparse_autosomes_relatednessCutoff_0.125_1000_randomMarkersUsed.sparseGRM.mtx.sampleIDs.txt"

$relatednessCutoff
[1] 0

$MACCutoff_to_CollapseUltraRare
[1] 10

$cateVarRatioMinMACVecExclude
[1] "10,20.5"

$cateVarRatioMaxMACVecInclude
[1] "20.5"

$weights.beta
[1] "1,25"

$r.corr
[1] 0

$markers_per_chunk_in_groupTest
[1] 100

$condition
[1] "chr6:31284147:C:T,chr6:31395920:C:T"

$SPAcutoff
[1] 2

$dosage_zerod_cutoff
[1] 0.2

$dosage_zerod_MAC_cutoff
[1] 10

$is_single_in_groupTest
[1] FALSE

$is_no_weight_in_groupTest
[1] FALSE

$is_output_markerList_in_groupTest
[1] FALSE

$is_Firth_beta
[1] FALSE

$pCutoffforFirth
[1] 0.01

$help
[1] FALSE

[1] "opt$r.corr"
[1] 0
dosage_zerod_cutoff  0.2 
Any dosages <=  0.2  for genetic variants with MAC <=  10  are set to be 0 in group tests
single-variant association test will be performed
[1] "Leave-one-chromosome-out is not applied"
[1] "LOCO = FASLE and leave-one-chromosome-out is not applied"
length(sparseGRMSampleID$IndexGRM):  176929 
nrow(sparseGRMSampleID):  176929 
176594  samples have been used to fit the glmm null model
[1] 176594      3
           IID IndexInModel IndexGRM
105253 3989903            1        1
6670   1187038            2        2
71550  3033879            3        3
10700  1299856            4        4
157456 5483168            5        5
46390  2316137            6        6
[1] "Subsetting GRM"
variance Ratio sparse is  1 1 
variance Ratio null is  0.998588 0.9985305 
dosageFile type is  vcf 
Open VCF done
To read the field GT
Number of meta lines in the vcf file (lines starting with ##): 3369
Number of samples in the vcf file: 176594
Setting position of samples in VCF files....
Conducting conditional analysis. Please specify the conditioning markers in the order as they are store in the genotype/dosage file.
(2022-07-25 22:25:43) ---- Analyzing Chunk 1 :  chrom InitialChunk ---- 
Completed 10000/10000 markers in the chunk.
10000 markers were tested.
write to output
   user  system elapsed 
587.490 108.781 699.758 
isVcfEnd  FALSE 
(2022-07-25 22:36:45) ---- Analyzing Chunk 2 :  chrom InitialChunk ---- 
Completed 10000/10000 markers in the chunk.
10000 markers were tested.
write to output
    user   system  elapsed 
1175.610  217.629 1398.459 
isVcfEnd  FALSE 
(2022-07-25 22:48:23) ---- Analyzing Chunk 3 :  chrom InitialChunk ---- 
Completed 10000/10000 markers in the chunk.
10000 markers were tested.
write to output
    user   system  elapsed 
1901.803  328.617 2238.205 
isVcfEnd  FALSE 
(2022-07-25 23:02:23) ---- Analyzing Chunk 4 :  chrom InitialChunk ---- 
Completed 10000/10000 markers in the chunk.
10000 markers were tested.
write to output
    user   system  elapsed 
2634.192  436.887 3081.363 
isVcfEnd  FALSE 
(2022-07-25 23:16:26) ---- Analyzing Chunk 5 :  chrom InitialChunk ---- 
Completed 10000/10000 markers in the chunk.
10000 markers were tested.
write to output
    user   system  elapsed 
3408.870  544.420 3966.054 
isVcfEnd  FALSE 
(2022-07-25 23:31:11) ---- Analyzing Chunk 6 :  chrom InitialChunk ---- 
Completed 10000/10000 markers in the chunk.
10000 markers were tested.
write to output
    user   system  elapsed 
4291.289  652.890 4959.275 
isVcfEnd  FALSE 
(2022-07-25 23:47:44) ---- Analyzing Chunk 7 :  chrom InitialChunk ---- 
Completed 10000/10000 markers in the chunk.
10000 markers were tested.
write to output
    user   system  elapsed 
4906.799  761.558 5685.160 
isVcfEnd  FALSE 
(2022-07-25 23:59:50) ---- Analyzing Chunk 8 :  chrom InitialChunk ---- 
Completed 10000/10000 markers in the chunk.
10000 markers were tested.
write to output
    user   system  elapsed 
5453.496  870.548 6342.392 
isVcfEnd  FALSE 
(2022-07-26 00:10:47) ---- Analyzing Chunk 9 :  chrom InitialChunk ---- 
Reach the end of the vcf file
9123 markers were tested.
write to output
    user   system  elapsed 
5953.701  970.076 6943.542 
isVcfEnd  TRUE 
[1] "Analysis done! The results have been saved to 'data/conditional/common/spa_iter/new_run_tuesday/ukb_eur_wes_200k_maf0to5e-2_PSOR_combined_primary_care_pLoF_damaging_missense_cond_i3_chr6'."
R version 4.1.2 (2021-11-01)
Platform: x86_64-conda-linux-gnu (64-bit)
Running under: CentOS Linux 7 (Core)

Matrix products: default
BLAS/LAPACK: /gpfs3/well/lindgren/users/mmq446/conda/skylake/envs/saige-v1.1.1/lib/libopenblasp-r0.3.20.so

locale:
[1] C

attached base packages:
[1] stats     graphics  grDevices utils     datasets  methods   base     

other attached packages:
[1] data.table_1.14.2      optparse_1.7.1         RhpcBLASctl_0.21-247.1
[4] SAIGE_1.1.1           

loaded via a namespace (and not attached):
[1] compiler_4.1.2     Matrix_1.4-1       Rcpp_1.0.7         getopt_1.20.3     
[5] grid_4.1.2         RcppParallel_5.1.5 lattice_0.20-45   
$vcfFile
[1] "data/conditional/common/intervals/min_mac4/ukb_eur_wes_200k_maf0to5e-2_PSOR_combined_primary_care_pLoF_damaging_missense.vcf.bgz"

$vcfFileIndex
[1] "data/conditional/common/intervals/min_mac4/ukb_eur_wes_200k_maf0to5e-2_PSOR_combined_primary_care_pLoF_damaging_missense.vcf.bgz.csi"

$vcfField
[1] "GT"

$savFile
[1] ""

$savFileIndex
[1] ""

$bgenFile
[1] ""

$bgenFileIndex
[1] ""

$sampleFile
[1] ""

$bedFile
[1] ""

$bimFile
[1] ""

$famFile
[1] ""

$AlleleOrder
[1] "alt-first"

$idstoIncludeFile
[1] ""

$rangestoIncludeFile
[1] ""

$chrom
[1] "chr19"

$is_imputed_data
[1] FALSE

$minMAF
[1] 1e-07

$minMAC
[1] 4

$minInfo
[1] 0

$maxMissing
[1] 0.15

$impute_method
[1] "best_guess"

$LOCO
[1] FALSE

$GMMATmodelFile
[1] "data/saige/output/binary/step1/ukb_wes_200k_PSOR_combined_primary_care.rda"

$varianceRatioFile
[1] "data/saige/output/binary/step1/ukb_wes_200k_PSOR_combined_primary_care.varianceRatio.txt"

$SAIGEOutputFile
[1] "data/conditional/common/spa_iter/new_run_tuesday/ukb_eur_wes_200k_maf0to5e-2_PSOR_combined_primary_care_pLoF_damaging_missense_cond_i4_chr19"

$markers_per_chunk
[1] 10000

$groups_per_chunk
[1] 100

$is_output_moreDetails
[1] FALSE

$is_overwrite_output
[1] TRUE

$maxMAF_in_groupTest
[1] "0.0001,0.001,0.01"

$annotation_in_groupTest
[1] "lof,missense;lof,missense;lof;synonymous"

$groupFile
[1] ""

$sparseGRMFile
[1] "data/saige/grm/input/211102_long_ukb_wes_200k_sparse_autosomes_relatednessCutoff_0.125_1000_randomMarkersUsed.sparseGRM.mtx"

$sparseGRMSampleIDFile
[1] "data/saige/grm/input/211102_long_ukb_wes_200k_sparse_autosomes_relatednessCutoff_0.125_1000_randomMarkersUsed.sparseGRM.mtx.sampleIDs.txt"

$relatednessCutoff
[1] 0

$MACCutoff_to_CollapseUltraRare
[1] 10

$cateVarRatioMinMACVecExclude
[1] "10,20.5"

$cateVarRatioMaxMACVecInclude
[1] "20.5"

$weights.beta
[1] "1,25"

$r.corr
[1] 0

$markers_per_chunk_in_groupTest
[1] 100

$condition
[1] "chr6:31284147:C:T,chr6:31395920:C:T,chr6:32262943:G:C"

$SPAcutoff
[1] 2

$dosage_zerod_cutoff
[1] 0.2

$dosage_zerod_MAC_cutoff
[1] 10

$is_single_in_groupTest
[1] FALSE

$is_no_weight_in_groupTest
[1] FALSE

$is_output_markerList_in_groupTest
[1] FALSE

$is_Firth_beta
[1] FALSE

$pCutoffforFirth
[1] 0.01

$help
[1] FALSE

[1] "opt$r.corr"
[1] 0
dosage_zerod_cutoff  0.2 
Any dosages <=  0.2  for genetic variants with MAC <=  10  are set to be 0 in group tests
single-variant association test will be performed
[1] "Leave-one-chromosome-out is not applied"
[1] "LOCO = FASLE and leave-one-chromosome-out is not applied"
length(sparseGRMSampleID$IndexGRM):  176929 
nrow(sparseGRMSampleID):  176929 
176594  samples have been used to fit the glmm null model
[1] 176594      3
           IID IndexInModel IndexGRM
105253 3989903            1        1
6670   1187038            2        2
71550  3033879            3        3
10700  1299856            4        4
157456 5483168            5        5
46390  2316137            6        6
[1] "Subsetting GRM"
variance Ratio sparse is  1 1 
variance Ratio null is  0.998588 0.9985305 
dosageFile type is  vcf 
Open VCF done
To read the field GT
Number of meta lines in the vcf file (lines starting with ##): 3369
Number of samples in the vcf file: 176594
Setting position of samples in VCF files....
Conducting conditional analysis. Please specify the conditioning markers in the order as they are store in the genotype/dosage file.
(2022-07-26 00:22:10) ---- Analyzing Chunk 1 :  chrom InitialChunk ---- 
Completed 10000/10000 markers in the chunk.
10000 markers were tested.
write to output
   user  system elapsed 
611.870 115.473 729.740 
isVcfEnd  FALSE 
(2022-07-26 00:33:02) ---- Analyzing Chunk 2 :  chrom InitialChunk ---- 
Completed 10000/10000 markers in the chunk.
10000 markers were tested.
write to output
    user   system  elapsed 
1172.014  231.067 1407.135 
isVcfEnd  FALSE 
(2022-07-26 00:44:19) ---- Analyzing Chunk 3 :  chrom InitialChunk ---- 
Completed 10000/10000 markers in the chunk.
10000 markers were tested.
write to output
    user   system  elapsed 
1718.480  344.878 2069.030 
isVcfEnd  FALSE 
(2022-07-26 00:55:21) ---- Analyzing Chunk 4 :  chrom InitialChunk ---- 
Completed 10000/10000 markers in the chunk.
10000 markers were tested.
write to output
    user   system  elapsed 
2249.514  459.152 2715.892 
isVcfEnd  FALSE 
(2022-07-26 01:06:08) ---- Analyzing Chunk 5 :  chrom InitialChunk ---- 
Completed 10000/10000 markers in the chunk.
10000 markers were tested.
write to output
    user   system  elapsed 
2801.528  573.033 3383.381 
isVcfEnd  FALSE 
(2022-07-26 01:17:15) ---- Analyzing Chunk 6 :  chrom InitialChunk ---- 
Reach the end of the vcf file
1789 markers were tested.
write to output
    user   system  elapsed 
2897.458  593.506 3500.066 
isVcfEnd  TRUE 
[1] "Analysis done! The results have been saved to 'data/conditional/common/spa_iter/new_run_tuesday/ukb_eur_wes_200k_maf0to5e-2_PSOR_combined_primary_care_pLoF_damaging_missense_cond_i4_chr19'."
R version 4.1.2 (2021-11-01)
Platform: x86_64-conda-linux-gnu (64-bit)
Running under: CentOS Linux 7 (Core)

Matrix products: default
BLAS/LAPACK: /gpfs3/well/lindgren/users/mmq446/conda/skylake/envs/saige-v1.1.1/lib/libopenblasp-r0.3.20.so

locale:
[1] C

attached base packages:
[1] stats     graphics  grDevices utils     datasets  methods   base     

other attached packages:
[1] data.table_1.14.2      optparse_1.7.1         RhpcBLASctl_0.21-247.1
[4] SAIGE_1.1.1           

loaded via a namespace (and not attached):
[1] compiler_4.1.2     Matrix_1.4-1       Rcpp_1.0.7         getopt_1.20.3     
[5] grid_4.1.2         RcppParallel_5.1.5 lattice_0.20-45   
$vcfFile
[1] "data/conditional/common/intervals/min_mac4/ukb_eur_wes_200k_maf0to5e-2_PSOR_combined_primary_care_pLoF_damaging_missense.vcf.bgz"

$vcfFileIndex
[1] "data/conditional/common/intervals/min_mac4/ukb_eur_wes_200k_maf0to5e-2_PSOR_combined_primary_care_pLoF_damaging_missense.vcf.bgz.csi"

$vcfField
[1] "GT"

$savFile
[1] ""

$savFileIndex
[1] ""

$bgenFile
[1] ""

$bgenFileIndex
[1] ""

$sampleFile
[1] ""

$bedFile
[1] ""

$bimFile
[1] ""

$famFile
[1] ""

$AlleleOrder
[1] "alt-first"

$idstoIncludeFile
[1] ""

$rangestoIncludeFile
[1] ""

$chrom
[1] "chr6"

$is_imputed_data
[1] FALSE

$minMAF
[1] 1e-07

$minMAC
[1] 4

$minInfo
[1] 0

$maxMissing
[1] 0.15

$impute_method
[1] "best_guess"

$LOCO
[1] FALSE

$GMMATmodelFile
[1] "data/saige/output/binary/step1/ukb_wes_200k_PSOR_combined_primary_care.rda"

$varianceRatioFile
[1] "data/saige/output/binary/step1/ukb_wes_200k_PSOR_combined_primary_care.varianceRatio.txt"

$SAIGEOutputFile
[1] "data/conditional/common/spa_iter/new_run_tuesday/ukb_eur_wes_200k_maf0to5e-2_PSOR_combined_primary_care_pLoF_damaging_missense_cond_i4_chr6"

$markers_per_chunk
[1] 10000

$groups_per_chunk
[1] 100

$is_output_moreDetails
[1] FALSE

$is_overwrite_output
[1] TRUE

$maxMAF_in_groupTest
[1] "0.0001,0.001,0.01"

$annotation_in_groupTest
[1] "lof,missense;lof,missense;lof;synonymous"

$groupFile
[1] ""

$sparseGRMFile
[1] "data/saige/grm/input/211102_long_ukb_wes_200k_sparse_autosomes_relatednessCutoff_0.125_1000_randomMarkersUsed.sparseGRM.mtx"

$sparseGRMSampleIDFile
[1] "data/saige/grm/input/211102_long_ukb_wes_200k_sparse_autosomes_relatednessCutoff_0.125_1000_randomMarkersUsed.sparseGRM.mtx.sampleIDs.txt"

$relatednessCutoff
[1] 0

$MACCutoff_to_CollapseUltraRare
[1] 10

$cateVarRatioMinMACVecExclude
[1] "10,20.5"

$cateVarRatioMaxMACVecInclude
[1] "20.5"

$weights.beta
[1] "1,25"

$r.corr
[1] 0

$markers_per_chunk_in_groupTest
[1] 100

$condition
[1] "chr6:31284147:C:T,chr6:31395920:C:T,chr6:32262943:G:C"

$SPAcutoff
[1] 2

$dosage_zerod_cutoff
[1] 0.2

$dosage_zerod_MAC_cutoff
[1] 10

$is_single_in_groupTest
[1] FALSE

$is_no_weight_in_groupTest
[1] FALSE

$is_output_markerList_in_groupTest
[1] FALSE

$is_Firth_beta
[1] FALSE

$pCutoffforFirth
[1] 0.01

$help
[1] FALSE

[1] "opt$r.corr"
[1] 0
dosage_zerod_cutoff  0.2 
Any dosages <=  0.2  for genetic variants with MAC <=  10  are set to be 0 in group tests
single-variant association test will be performed
[1] "Leave-one-chromosome-out is not applied"
[1] "LOCO = FASLE and leave-one-chromosome-out is not applied"
length(sparseGRMSampleID$IndexGRM):  176929 
nrow(sparseGRMSampleID):  176929 
176594  samples have been used to fit the glmm null model
[1] 176594      3
           IID IndexInModel IndexGRM
105253 3989903            1        1
6670   1187038            2        2
71550  3033879            3        3
10700  1299856            4        4
157456 5483168            5        5
46390  2316137            6        6
[1] "Subsetting GRM"
variance Ratio sparse is  1 1 
variance Ratio null is  0.998588 0.9985305 
dosageFile type is  vcf 
Open VCF done
To read the field GT
Number of meta lines in the vcf file (lines starting with ##): 3369
Number of samples in the vcf file: 176594
Setting position of samples in VCF files....
Conducting conditional analysis. Please specify the conditioning markers in the order as they are store in the genotype/dosage file.
(2022-07-26 01:20:31) ---- Analyzing Chunk 1 :  chrom InitialChunk ---- 
Completed 10000/10000 markers in the chunk.
10000 markers were tested.
write to output
   user  system elapsed 
630.078 116.401 749.880 
isVcfEnd  FALSE 
(2022-07-26 01:31:42) ---- Analyzing Chunk 2 :  chrom InitialChunk ---- 
Completed 10000/10000 markers in the chunk.
10000 markers were tested.
write to output
    user   system  elapsed 
1215.592  232.132 1452.848 
isVcfEnd  FALSE 
(2022-07-26 01:43:25) ---- Analyzing Chunk 3 :  chrom InitialChunk ---- 
Completed 10000/10000 markers in the chunk.
10000 markers were tested.
write to output
    user   system  elapsed 
1932.318  348.321 2287.745 
isVcfEnd  FALSE 
(2022-07-26 01:57:20) ---- Analyzing Chunk 4 :  chrom InitialChunk ---- 
Completed 10000/10000 markers in the chunk.
10000 markers were tested.
write to output
    user   system  elapsed 
2653.513  464.619 3127.265 
isVcfEnd  FALSE 
(2022-07-26 02:11:20) ---- Analyzing Chunk 5 :  chrom InitialChunk ---- 
Completed 10000/10000 markers in the chunk.
10000 markers were tested.
write to output
    user   system  elapsed 
3414.326  581.868 4007.455 
isVcfEnd  FALSE 
(2022-07-26 02:26:00) ---- Analyzing Chunk 6 :  chrom InitialChunk ---- 
Completed 10000/10000 markers in the chunk.
10000 markers were tested.
write to output
    user   system  elapsed 
4248.179  698.459 4960.177 
isVcfEnd  FALSE 
(2022-07-26 02:41:53) ---- Analyzing Chunk 7 :  chrom InitialChunk ---- 
Completed 10000/10000 markers in the chunk.
10000 markers were tested.
write to output
    user   system  elapsed 
4858.373  815.347 5688.991 
isVcfEnd  FALSE 
(2022-07-26 02:54:01) ---- Analyzing Chunk 8 :  chrom InitialChunk ---- 
Completed 10000/10000 markers in the chunk.
10000 markers were tested.
write to output
    user   system  elapsed 
5409.104  931.911 6357.859 
isVcfEnd  FALSE 
(2022-07-26 03:05:10) ---- Analyzing Chunk 9 :  chrom InitialChunk ---- 
Reach the end of the vcf file
9123 markers were tested.
write to output
    user   system  elapsed 
5914.157 1038.316 6970.759 
isVcfEnd  TRUE 
[1] "Analysis done! The results have been saved to 'data/conditional/common/spa_iter/new_run_tuesday/ukb_eur_wes_200k_maf0to5e-2_PSOR_combined_primary_care_pLoF_damaging_missense_cond_i4_chr6'."
R version 4.1.2 (2021-11-01)
Platform: x86_64-conda-linux-gnu (64-bit)
Running under: CentOS Linux 7 (Core)

Matrix products: default
BLAS/LAPACK: /gpfs3/well/lindgren/users/mmq446/conda/skylake/envs/saige-v1.1.1/lib/libopenblasp-r0.3.20.so

locale:
[1] C

attached base packages:
[1] stats     graphics  grDevices utils     datasets  methods   base     

other attached packages:
[1] data.table_1.14.2      optparse_1.7.1         RhpcBLASctl_0.21-247.1
[4] SAIGE_1.1.1           

loaded via a namespace (and not attached):
[1] compiler_4.1.2     Matrix_1.4-1       Rcpp_1.0.7         getopt_1.20.3     
[5] grid_4.1.2         RcppParallel_5.1.5 lattice_0.20-45   
$vcfFile
[1] "data/conditional/common/intervals/min_mac4/ukb_eur_wes_200k_maf0to5e-2_PSOR_combined_primary_care_pLoF_damaging_missense.vcf.bgz"

$vcfFileIndex
[1] "data/conditional/common/intervals/min_mac4/ukb_eur_wes_200k_maf0to5e-2_PSOR_combined_primary_care_pLoF_damaging_missense.vcf.bgz.csi"

$vcfField
[1] "GT"

$savFile
[1] ""

$savFileIndex
[1] ""

$bgenFile
[1] ""

$bgenFileIndex
[1] ""

$sampleFile
[1] ""

$bedFile
[1] ""

$bimFile
[1] ""

$famFile
[1] ""

$AlleleOrder
[1] "alt-first"

$idstoIncludeFile
[1] ""

$rangestoIncludeFile
[1] ""

$chrom
[1] "chr19"

$is_imputed_data
[1] FALSE

$minMAF
[1] 1e-07

$minMAC
[1] 4

$minInfo
[1] 0

$maxMissing
[1] 0.15

$impute_method
[1] "best_guess"

$LOCO
[1] FALSE

$GMMATmodelFile
[1] "data/saige/output/binary/step1/ukb_wes_200k_PSOR_combined_primary_care.rda"

$varianceRatioFile
[1] "data/saige/output/binary/step1/ukb_wes_200k_PSOR_combined_primary_care.varianceRatio.txt"

$SAIGEOutputFile
[1] "data/conditional/common/spa_iter/new_run_tuesday/ukb_eur_wes_200k_maf0to5e-2_PSOR_combined_primary_care_pLoF_damaging_missense_cond_i5_chr19"

$markers_per_chunk
[1] 10000

$groups_per_chunk
[1] 100

$is_output_moreDetails
[1] FALSE

$is_overwrite_output
[1] TRUE

$maxMAF_in_groupTest
[1] "0.0001,0.001,0.01"

$annotation_in_groupTest
[1] "lof,missense;lof,missense;lof;synonymous"

$groupFile
[1] ""

$sparseGRMFile
[1] "data/saige/grm/input/211102_long_ukb_wes_200k_sparse_autosomes_relatednessCutoff_0.125_1000_randomMarkersUsed.sparseGRM.mtx"

$sparseGRMSampleIDFile
[1] "data/saige/grm/input/211102_long_ukb_wes_200k_sparse_autosomes_relatednessCutoff_0.125_1000_randomMarkersUsed.sparseGRM.mtx.sampleIDs.txt"

$relatednessCutoff
[1] 0

$MACCutoff_to_CollapseUltraRare
[1] 10

$cateVarRatioMinMACVecExclude
[1] "10,20.5"

$cateVarRatioMaxMACVecInclude
[1] "20.5"

$weights.beta
[1] "1,25"

$r.corr
[1] 0

$markers_per_chunk_in_groupTest
[1] 100

$condition
[1] "chr6:31284147:C:T,chr6:31395920:C:T,chr6:32262943:G:C,chr6:29834773:C:T"

$SPAcutoff
[1] 2

$dosage_zerod_cutoff
[1] 0.2

$dosage_zerod_MAC_cutoff
[1] 10

$is_single_in_groupTest
[1] FALSE

$is_no_weight_in_groupTest
[1] FALSE

$is_output_markerList_in_groupTest
[1] FALSE

$is_Firth_beta
[1] FALSE

$pCutoffforFirth
[1] 0.01

$help
[1] FALSE

[1] "opt$r.corr"
[1] 0
dosage_zerod_cutoff  0.2 
Any dosages <=  0.2  for genetic variants with MAC <=  10  are set to be 0 in group tests
single-variant association test will be performed
[1] "Leave-one-chromosome-out is not applied"
[1] "LOCO = FASLE and leave-one-chromosome-out is not applied"
length(sparseGRMSampleID$IndexGRM):  176929 
nrow(sparseGRMSampleID):  176929 
176594  samples have been used to fit the glmm null model
[1] 176594      3
           IID IndexInModel IndexGRM
105253 3989903            1        1
6670   1187038            2        2
71550  3033879            3        3
10700  1299856            4        4
157456 5483168            5        5
46390  2316137            6        6
[1] "Subsetting GRM"
variance Ratio sparse is  1 1 
variance Ratio null is  0.998588 0.9985305 
dosageFile type is  vcf 
Open VCF done
To read the field GT
Number of meta lines in the vcf file (lines starting with ##): 3369
Number of samples in the vcf file: 176594
Setting position of samples in VCF files....
Conducting conditional analysis. Please specify the conditioning markers in the order as they are store in the genotype/dosage file.
Reach the end of the vcf file
R version 4.1.2 (2021-11-01)
Platform: x86_64-conda-linux-gnu (64-bit)
Running under: CentOS Linux 7 (Core)

Matrix products: default
BLAS/LAPACK: /gpfs3/well/lindgren/users/mmq446/conda/skylake/envs/saige-v1.1.1/lib/libopenblasp-r0.3.20.so

locale:
[1] C

attached base packages:
[1] stats     graphics  grDevices utils     datasets  methods   base     

other attached packages:
[1] data.table_1.14.2      optparse_1.7.1         RhpcBLASctl_0.21-247.1
[4] SAIGE_1.1.1           

loaded via a namespace (and not attached):
[1] compiler_4.1.2     Matrix_1.4-1       Rcpp_1.0.7         getopt_1.20.3     
[5] grid_4.1.2         RcppParallel_5.1.5 lattice_0.20-45   
$vcfFile
[1] "data/conditional/common/intervals/min_mac4/ukb_eur_wes_200k_maf0to5e-2_PSOR_combined_primary_care_pLoF_damaging_missense.vcf.bgz"

$vcfFileIndex
[1] "data/conditional/common/intervals/min_mac4/ukb_eur_wes_200k_maf0to5e-2_PSOR_combined_primary_care_pLoF_damaging_missense.vcf.bgz.csi"

$vcfField
[1] "GT"

$savFile
[1] ""

$savFileIndex
[1] ""

$bgenFile
[1] ""

$bgenFileIndex
[1] ""

$sampleFile
[1] ""

$bedFile
[1] ""

$bimFile
[1] ""

$famFile
[1] ""

$AlleleOrder
[1] "alt-first"

$idstoIncludeFile
[1] ""

$rangestoIncludeFile
[1] ""

$chrom
[1] "chr6"

$is_imputed_data
[1] FALSE

$minMAF
[1] 1e-07

$minMAC
[1] 4

$minInfo
[1] 0

$maxMissing
[1] 0.15

$impute_method
[1] "best_guess"

$LOCO
[1] FALSE

$GMMATmodelFile
[1] "data/saige/output/binary/step1/ukb_wes_200k_PSOR_combined_primary_care.rda"

$varianceRatioFile
[1] "data/saige/output/binary/step1/ukb_wes_200k_PSOR_combined_primary_care.varianceRatio.txt"

$SAIGEOutputFile
[1] "data/conditional/common/spa_iter/new_run_tuesday/ukb_eur_wes_200k_maf0to5e-2_PSOR_combined_primary_care_pLoF_damaging_missense_cond_i5_chr6"

$markers_per_chunk
[1] 10000

$groups_per_chunk
[1] 100

$is_output_moreDetails
[1] FALSE

$is_overwrite_output
[1] TRUE

$maxMAF_in_groupTest
[1] "0.0001,0.001,0.01"

$annotation_in_groupTest
[1] "lof,missense;lof,missense;lof;synonymous"

$groupFile
[1] ""

$sparseGRMFile
[1] "data/saige/grm/input/211102_long_ukb_wes_200k_sparse_autosomes_relatednessCutoff_0.125_1000_randomMarkersUsed.sparseGRM.mtx"

$sparseGRMSampleIDFile
[1] "data/saige/grm/input/211102_long_ukb_wes_200k_sparse_autosomes_relatednessCutoff_0.125_1000_randomMarkersUsed.sparseGRM.mtx.sampleIDs.txt"

$relatednessCutoff
[1] 0

$MACCutoff_to_CollapseUltraRare
[1] 10

$cateVarRatioMinMACVecExclude
[1] "10,20.5"

$cateVarRatioMaxMACVecInclude
[1] "20.5"

$weights.beta
[1] "1,25"

$r.corr
[1] 0

$markers_per_chunk_in_groupTest
[1] 100

$condition
[1] "chr6:31284147:C:T,chr6:31395920:C:T,chr6:32262943:G:C,chr6:29834773:C:T"

$SPAcutoff
[1] 2

$dosage_zerod_cutoff
[1] 0.2

$dosage_zerod_MAC_cutoff
[1] 10

$is_single_in_groupTest
[1] FALSE

$is_no_weight_in_groupTest
[1] FALSE

$is_output_markerList_in_groupTest
[1] FALSE

$is_Firth_beta
[1] FALSE

$pCutoffforFirth
[1] 0.01

$help
[1] FALSE

[1] "opt$r.corr"
[1] 0
dosage_zerod_cutoff  0.2 
Any dosages <=  0.2  for genetic variants with MAC <=  10  are set to be 0 in group tests
single-variant association test will be performed
[1] "Leave-one-chromosome-out is not applied"
[1] "LOCO = FASLE and leave-one-chromosome-out is not applied"
length(sparseGRMSampleID$IndexGRM):  176929 
nrow(sparseGRMSampleID):  176929 
176594  samples have been used to fit the glmm null model
[1] 176594      3
           IID IndexInModel IndexGRM
105253 3989903            1        1
6670   1187038            2        2
71550  3033879            3        3
10700  1299856            4        4
157456 5483168            5        5
46390  2316137            6        6
[1] "Subsetting GRM"
variance Ratio sparse is  1 1 
variance Ratio null is  0.998588 0.9985305 
dosageFile type is  vcf 
Open VCF done
To read the field GT
Number of meta lines in the vcf file (lines starting with ##): 3369
Number of samples in the vcf file: 176594
Setting position of samples in VCF files....
Conducting conditional analysis. Please specify the conditioning markers in the order as they are store in the genotype/dosage file.
Reach the end of the vcf file
